Archive member included to satisfy reference by file (symbol)

C:/ST/STM32CubeIDE_2.2.0/STM32CubeIDE/plugins/com.st.stm32cube.ide.mcu.externaltools.gnu-tools-for-stm32.14.3.rel1.win32_1.0.100.202602081740/tools/bin/../lib/gcc/arm-none-eabi/14.3.1/../../../../arm-none-eabi/lib/thumb/v7e-m+fp/hard\libc_nano.a(libc_a-exit.o)
                              C:/ST/STM32CubeIDE_2.2.0/STM32CubeIDE/plugins/com.st.stm32cube.ide.mcu.externaltools.gnu-tools-for-stm32.14.3.rel1.win32_1.0.100.202602081740/tools/bin/../lib/gcc/arm-none-eabi/14.3.1/../../../../arm-none-eabi/lib/thumb/v7e-m+fp/hard/crt0.o (exit)
C:/ST/STM32CubeIDE_2.2.0/STM32CubeIDE/plugins/com.st.stm32cube.ide.mcu.externaltools.gnu-tools-for-stm32.14.3.rel1.win32_1.0.100.202602081740/tools/bin/../lib/gcc/arm-none-eabi/14.3.1/../../../../arm-none-eabi/lib/thumb/v7e-m+fp/hard\libc_nano.a(libc_a-findfp.o)
                              C:/ST/STM32CubeIDE_2.2.0/STM32CubeIDE/plugins/com.st.stm32cube.ide.mcu.externaltools.gnu-tools-for-stm32.14.3.rel1.win32_1.0.100.202602081740/tools/bin/../lib/gcc/arm-none-eabi/14.3.1/../../../../arm-none-eabi/lib/thumb/v7e-m+fp/hard\libc_nano.a(libc_a-exit.o) (__stdio_exit_handler)
C:/ST/STM32CubeIDE_2.2.0/STM32CubeIDE/plugins/com.st.stm32cube.ide.mcu.externaltools.gnu-tools-for-stm32.14.3.rel1.win32_1.0.100.202602081740/tools/bin/../lib/gcc/arm-none-eabi/14.3.1/../../../../arm-none-eabi/lib/thumb/v7e-m+fp/hard\libc_nano.a(libc_a-fwalk.o)
                              C:/ST/STM32CubeIDE_2.2.0/STM32CubeIDE/plugins/com.st.stm32cube.ide.mcu.externaltools.gnu-tools-for-stm32.14.3.rel1.win32_1.0.100.202602081740/tools/bin/../lib/gcc/arm-none-eabi/14.3.1/../../../../arm-none-eabi/lib/thumb/v7e-m+fp/hard\libc_nano.a(libc_a-findfp.o) (_fwalk_sglue)
C:/ST/STM32CubeIDE_2.2.0/STM32CubeIDE/plugins/com.st.stm32cube.ide.mcu.externaltools.gnu-tools-for-stm32.14.3.rel1.win32_1.0.100.202602081740/tools/bin/../lib/gcc/arm-none-eabi/14.3.1/../../../../arm-none-eabi/lib/thumb/v7e-m+fp/hard\libc_nano.a(libc_a-stdio.o)
                              C:/ST/STM32CubeIDE_2.2.0/STM32CubeIDE/plugins/com.st.stm32cube.ide.mcu.externaltools.gnu-tools-for-stm32.14.3.rel1.win32_1.0.100.202602081740/tools/bin/../lib/gcc/arm-none-eabi/14.3.1/../../../../arm-none-eabi/lib/thumb/v7e-m+fp/hard\libc_nano.a(libc_a-findfp.o) (__sread)
C:/ST/STM32CubeIDE_2.2.0/STM32CubeIDE/plugins/com.st.stm32cube.ide.mcu.externaltools.gnu-tools-for-stm32.14.3.rel1.win32_1.0.100.202602081740/tools/bin/../lib/gcc/arm-none-eabi/14.3.1/../../../../arm-none-eabi/lib/thumb/v7e-m+fp/hard\libc_nano.a(libc_a-memset.o)
                              C:/ST/STM32CubeIDE_2.2.0/STM32CubeIDE/plugins/com.st.stm32cube.ide.mcu.externaltools.gnu-tools-for-stm32.14.3.rel1.win32_1.0.100.202602081740/tools/bin/../lib/gcc/arm-none-eabi/14.3.1/../../../../arm-none-eabi/lib/thumb/v7e-m+fp/hard/crt0.o (memset)
C:/ST/STM32CubeIDE_2.2.0/STM32CubeIDE/plugins/com.st.stm32cube.ide.mcu.externaltools.gnu-tools-for-stm32.14.3.rel1.win32_1.0.100.202602081740/tools/bin/../lib/gcc/arm-none-eabi/14.3.1/../../../../arm-none-eabi/lib/thumb/v7e-m+fp/hard\libc_nano.a(libc_a-closer.o)
                              C:/ST/STM32CubeIDE_2.2.0/STM32CubeIDE/plugins/com.st.stm32cube.ide.mcu.externaltools.gnu-tools-for-stm32.14.3.rel1.win32_1.0.100.202602081740/tools/bin/../lib/gcc/arm-none-eabi/14.3.1/../../../../arm-none-eabi/lib/thumb/v7e-m+fp/hard\libc_nano.a(libc_a-stdio.o) (_close_r)
C:/ST/STM32CubeIDE_2.2.0/STM32CubeIDE/plugins/com.st.stm32cube.ide.mcu.externaltools.gnu-tools-for-stm32.14.3.rel1.win32_1.0.100.202602081740/tools/bin/../lib/gcc/arm-none-eabi/14.3.1/../../../../arm-none-eabi/lib/thumb/v7e-m+fp/hard\libc_nano.a(libc_a-reent.o)
                              C:/ST/STM32CubeIDE_2.2.0/STM32CubeIDE/plugins/com.st.stm32cube.ide.mcu.externaltools.gnu-tools-for-stm32.14.3.rel1.win32_1.0.100.202602081740/tools/bin/../lib/gcc/arm-none-eabi/14.3.1/../../../../arm-none-eabi/lib/thumb/v7e-m+fp/hard\libc_nano.a(libc_a-closer.o) (errno)
C:/ST/STM32CubeIDE_2.2.0/STM32CubeIDE/plugins/com.st.stm32cube.ide.mcu.externaltools.gnu-tools-for-stm32.14.3.rel1.win32_1.0.100.202602081740/tools/bin/../lib/gcc/arm-none-eabi/14.3.1/../../../../arm-none-eabi/lib/thumb/v7e-m+fp/hard\libc_nano.a(libc_a-impure.o)
                              C:/ST/STM32CubeIDE_2.2.0/STM32CubeIDE/plugins/com.st.stm32cube.ide.mcu.externaltools.gnu-tools-for-stm32.14.3.rel1.win32_1.0.100.202602081740/tools/bin/../lib/gcc/arm-none-eabi/14.3.1/../../../../arm-none-eabi/lib/thumb/v7e-m+fp/hard\libc_nano.a(libc_a-reent.o) (_impure_ptr)
C:/ST/STM32CubeIDE_2.2.0/STM32CubeIDE/plugins/com.st.stm32cube.ide.mcu.externaltools.gnu-tools-for-stm32.14.3.rel1.win32_1.0.100.202602081740/tools/bin/../lib/gcc/arm-none-eabi/14.3.1/../../../../arm-none-eabi/lib/thumb/v7e-m+fp/hard\libc_nano.a(libc_a-lseekr.o)
[...]
Memory Configuration

Name             Origin             Length             Attributes
CCMRAM           0x10000000         0x00010000         xrw
RAM              0x20000000         0x00020000         xrw
FLASH            0x08000000         0x00080000         xr
*default*        0x00000000         0xffffffff

Linker script and memory map

LOAD C:/ST/STM32CubeIDE_2.2.0/STM32CubeIDE/plugins/com.st.stm32cube.ide.mcu.externaltools.gnu-tools-for-stm32.14.3.rel1.win32_1.0.100.202602081740/tools/bin/../lib/gcc/arm-none-eabi/14.3.1/thumb/v7e-m+fp/hard/crti.o
LOAD C:/ST/STM32CubeIDE_2.2.0/STM32CubeIDE/plugins/com.st.stm32cube.ide.mcu.externaltools.gnu-tools-for-stm32.14.3.rel1.win32_1.0.100.202602081740/tools/bin/../lib/gcc/arm-none-eabi/14.3.1/thumb/v7e-m+fp/hard/crtbegin.o
LOAD C:/ST/STM32CubeIDE_2.2.0/STM32CubeIDE/plugins/com.st.stm32cube.ide.mcu.externaltools.gnu-tools-for-stm32.14.3.rel1.win32_1.0.100.202602081740/tools/bin/../lib/gcc/arm-none-eabi/14.3.1/../../../../arm-none-eabi/lib/thumb/v7e-m+fp/hard/crt0.o
LOAD ./Src/main.o
LOAD ./Src/syscalls.o
LOAD ./Src/sysmem.o
LOAD ./Startup/startup_stm32f407vetx.o
START GROUP
LOAD C:/ST/STM32CubeIDE_2.2.0/STM32CubeIDE/plugins/com.st.stm32cube.ide.mcu.externaltools.gnu-tools-for-stm32.14.3.rel1.win32_1.0.100.202602081740/tools/bin/../lib/gcc/arm-none-eabi/14.3.1/../../../../arm-none-eabi/lib/thumb/v7e-m+fp/hard\libc_nano.a
LOAD C:/ST/STM32CubeIDE_2.2.0/STM32CubeIDE/plugins/com.st.stm32cube.ide.mcu.externaltools.gnu-tools-for-stm32.14.3.rel1.win32_1.0.100.202602081740/tools/bin/../lib/gcc/arm-none-eabi/14.3.1/../../../../arm-none-eabi/lib/thumb/v7e-m+fp/hard\libm.a
END GROUP
START GROUP
LOAD C:/ST/STM32CubeIDE_2.2.0/STM32CubeIDE/plugins/com.st.stm32cube.ide.mcu.externaltools.gnu-tools-for-stm32.14.3.rel1.win32_1.0.100.202602081740/tools/bin/../lib/gcc/arm-none-eabi/14.3.1/thumb/v7e-m+fp/hard\libgcc.a
LOAD C:/ST/STM32CubeIDE_2.2.0/STM32CubeIDE/plugins/com.st.stm32cube.ide.mcu.externaltools.gnu-tools-for-stm32.14.3.rel1.win32_1.0.100.202602081740/tools/bin/../lib/gcc/arm-none-eabi/14.3.1/../../../../arm-none-eabi/lib/thumb/v7e-m+fp/hard\libc_nano.a
END GROUP
START GROUP
LOAD C:/ST/STM32CubeIDE_2.2.0/STM32CubeIDE/plugins/com.st.stm32cube.ide.mcu.externaltools.gnu-tools-for-stm32.14.3.rel1.win32_1.0.100.202602081740/tools/bin/../lib/gcc/arm-none-eabi/14.3.1/thumb/v7e-m+fp/hard\libgcc.a
LOAD C:/ST/STM32CubeIDE_2.2.0/STM32CubeIDE/plugins/com.st.stm32cube.ide.mcu.externaltools.gnu-tools-for-stm32.14.3.rel1.win32_1.0.100.202602081740/tools/bin/../lib/gcc/arm-none-eabi/14.3.1/../../../../arm-none-eabi/lib/thumb/v7e-m+fp/hard\libc_nano.a
LOAD C:/ST/STM32CubeIDE_2.2.0/STM32CubeIDE/plugins/com.st.stm32cube.ide.mcu.externaltools.gnu-tools-for-stm32.14.3.rel1.win32_1.0.100.202602081740/tools/bin/../lib/gcc/arm-none-eabi/14.3.1/../../../../arm-none-eabi/lib/thumb/v7e-m+fp/hard\libnosys.a
END GROUP
START GROUP
LOAD C:/ST/STM32CubeIDE_2.2.0/STM32CubeIDE/plugins/com.st.stm32cube.ide.mcu.externaltools.gnu-tools-for-stm32.14.3.rel1.win32_1.0.100.202602081740/tools/bin/../lib/gcc/arm-none-eabi/14.3.1/thumb/v7e-m+fp/hard\libgcc.a
LOAD C:/ST/STM32CubeIDE_2.2.0/STM32CubeIDE/plugins/com.st.stm32cube.ide.mcu.externaltools.gnu-tools-for-stm32.14.3.rel1.win32_1.0.100.202602081740/tools/bin/../lib/gcc/arm-none-eabi/14.3.1/../../../../arm-none-eabi/lib/thumb/v7e-m+fp/hard\libc_nano.a
LOAD C:/ST/STM32CubeIDE_2.2.0/STM32CubeIDE/plugins/com.st.stm32cube.ide.mcu.externaltools.gnu-tools-for-stm32.14.3.rel1.win32_1.0.100.202602081740/tools/bin/../lib/gcc/arm-none-eabi/14.3.1/../../../../arm-none-eabi/lib/thumb/v7e-m+fp/hard\libnosys.a
END GROUP
LOAD C:/ST/STM32CubeIDE_2.2.0/STM32CubeIDE/plugins/com.st.stm32cube.ide.mcu.externaltools.gnu-tools-for-stm32.14.3.rel1.win32_1.0.100.202602081740/tools/bin/../lib/gcc/arm-none-eabi/14.3.1/thumb/v7e-m+fp/hard/crtend.o
LOAD C:/ST/STM32CubeIDE_2.2.0/STM32CubeIDE/plugins/com.st.stm32cube.ide.mcu.externaltools.gnu-tools-for-stm32.14.3.rel1.win32_1.0.100.202602081740/tools/bin/../lib/gcc/arm-none-eabi/14.3.1/thumb/v7e-m+fp/hard/crtn.o
                0x20020000                        _estack = (ORIGIN (RAM) + LENGTH (RAM))
                0x00000200                        _Min_Heap_Size = 0x200
                0x00000400                        _Min_Stack_Size = 0x400

.isr_vector     0x08000000      0x188
                0x08000000                        . = ALIGN (0x4)
 *(.isr_vector)
 .isr_vector    0x08000000      0x188 ./Startup/startup_stm32f407vetx.o
                0x08000000                g_pfnVectors
                0x08000188                        . = ALIGN (0x4)

.text           0x08000188      0x8d8
                0x08000188                        . = ALIGN (0x4)
 *(.text)
 .text          0x08000188       0x40 C:/ST/STM32CubeIDE_2.2.0/STM32CubeIDE/plugins/com.st.stm32cube.ide.mcu.externaltools.gnu-tools-for-stm32.14.3.rel1.win32_1.0.100.202602081740/tools/bin/../lib/gcc/arm-none-eabi/14.3.1/thumb/v7e-m+fp/hard/crtbegin.o
 *(.text*)
 .text.main     0x080001c8       0x40 ./Src/main.o
                0x080001c8                main
 .text.maquina2
                0x08000208      0x308 ./Src/main.o
                0x08000208                maquina2
 .text.Pins_Init
                0x08000510       0xec ./Src/main.o
                0x08000510                Pins_Init
 .text.Figuras  0x080005fc       0x74 ./Src/main.o
                0x080005fc                Figuras
 .text.Keypad_Scan
                0x08000670      0x21c ./Src/main.o
                0x08000670                Keypad_Scan
 .text.SysTick_Init
                0x0800088c       0x28 ./Src/main.o
                0x0800088c                SysTick_Init
 .text.SysTick_Handler
                0x080008b4       0x1c ./Src/main.o
                0x080008b4                SysTick_Handler
 .text.Keypad_Read_Debounced
                0x080008d0       0xdc ./Src/main.o
                0x080008d0                Keypad_Read_Debounced
 .text.Reset_Handler
                0x080009ac       0x50 ./Startup/startup_stm32f407vetx.o
                0x080009ac                Reset_Handler
 .text.Default_Handler
                0x080009fc        0x2 ./Startup/startup_stm32f407vetx.o
                0x080009fc                RTC_Alarm_IRQHandler
                0x080009fc                HASH_RNG_IRQHandler
                0x080009fc                EXTI2_IRQHandler
                0x080009fc                TIM8_CC_IRQHandler
                0x080009fc                DebugMon_Handler
                0x080009fc                TIM1_CC_IRQHandler
                0x080009fc                DMA2_Stream5_IRQHandler
                0x080009fc                HardFault_Handler
                0x080009fc                DMA1_Stream5_IRQHandler
                0x080009fc                PVD_IRQHandler
                0x080009fc                SDIO_IRQHandler
                0x080009fc                TAMP_STAMP_IRQHandler
                0x080009fc                PendSV_Handler
                0x080009fc                NMI_Handler
                0x080009fc                CAN2_RX1_IRQHandler
                0x080009fc                EXTI3_IRQHandler
                0x080009fc                TIM8_TRG_COM_TIM14_IRQHandler
                0x080009fc                TIM1_UP_TIM10_IRQHandler
                0x080009fc                TIM8_UP_TIM13_IRQHandler
                0x080009fc                I2C3_ER_IRQHandler
                0x080009fc                EXTI0_IRQHandler
                0x080009fc                I2C2_EV_IRQHandler
                0x080009fc                DMA1_Stream2_IRQHandler
                0x080009fc                CAN1_RX0_IRQHandler
                0x080009fc                FPU_IRQHandler
                0x080009fc                OTG_HS_WKUP_IRQHandler
                0x080009fc                UsageFault_Handler
                0x080009fc                CAN2_SCE_IRQHandler
                0x080009fc                DMA2_Stream2_IRQHandler
                0x080009fc                SPI1_IRQHandler
                0x080009fc                TIM6_DAC_IRQHandler
                0x080009fc                TIM1_BRK_TIM9_IRQHandler
                0x080009fc                DCMI_IRQHandler
                0x080009fc                CAN2_RX0_IRQHandler
                0x080009fc                DMA2_Stream3_IRQHandler
                0x080009fc                USART6_IRQHandler
                0x080009fc                USART3_IRQHandler
                0x080009fc                CRYP_IRQHandler
                0x080009fc                CAN1_RX1_IRQHandler
                0x080009fc                UART5_IRQHandler
                0x080009fc                DMA2_Stream0_IRQHandler
                0x080009fc                TIM4_IRQHandler
                0x080009fc                I2C1_EV_IRQHandler
                0x080009fc                DMA1_Stream6_IRQHandler
                0x080009fc                DMA1_Stream1_IRQHandler
                0x080009fc                UART4_IRQHandler
                0x080009fc                TIM3_IRQHandler
                0x080009fc                RCC_IRQHandler
                0x080009fc                TIM8_BRK_TIM12_IRQHandler
                0x080009fc                Default_Handler
                0x080009fc                EXTI15_10_IRQHandler
                0x080009fc                ADC_IRQHandler
                0x080009fc                DMA1_Stream7_IRQHandler
                0x080009fc                TIM7_IRQHandler
                0x080009fc                CAN2_TX_IRQHandler
                0x080009fc                TIM5_IRQHandler
                0x080009fc                DMA2_Stream7_IRQHandler
                0x080009fc                I2C3_EV_IRQHandler
                0x080009fc                EXTI9_5_IRQHandler
                0x080009fc                RTC_WKUP_IRQHandler
                0x080009fc                ETH_WKUP_IRQHandler
                0x080009fc                SPI2_IRQHandler
                0x080009fc                OTG_HS_EP1_IN_IRQHandler
                0x080009fc                MemManage_Handler
                0x080009fc                DMA1_Stream0_IRQHandler
                0x080009fc                CAN1_TX_IRQHandler
                0x080009fc                SVC_Handler
                0x080009fc                EXTI4_IRQHandler
                0x080009fc                FSMC_IRQHandler
                0x080009fc                ETH_IRQHandler
                0x080009fc                OTG_HS_EP1_OUT_IRQHandler
                0x080009fc                WWDG_IRQHandler
                0x080009fc                TIM2_IRQHandler
                0x080009fc                OTG_FS_WKUP_IRQHandler
                0x080009fc                TIM1_TRG_COM_TIM11_IRQHandler
                0x080009fc                OTG_HS_IRQHandler
                0x080009fc                EXTI1_IRQHandler
                0x080009fc                USART2_IRQHandler
                0x080009fc                I2C2_ER_IRQHandler
                0x080009fc                DMA2_Stream1_IRQHandler
                0x080009fc                CAN1_SCE_IRQHandler
                0x080009fc                DMA2_Stream4_IRQHandler
                0x080009fc                BusFault_Handler
                0x080009fc                USART1_IRQHandler
                0x080009fc                OTG_FS_IRQHandler
                0x080009fc                SPI3_IRQHandler
                0x080009fc                DMA1_Stream4_IRQHandler
                0x080009fc                I2C1_ER_IRQHandler
                0x080009fc                DMA2_Stream6_IRQHandler
                0x080009fc                DMA1_Stream3_IRQHandler
 *fill*         0x080009fe        0x2 
 .text.__libc_init_array
                0x08000a00       0x48 C:/ST/STM32CubeIDE_2.2.0/STM32CubeIDE/plugins/com.st.stm32cube.ide.mcu.externaltools.gnu-tools-for-stm32.14.3.rel1.win32_1.0.100.202602081740/tools/bin/../lib/gcc/arm-none-eabi/14.3.1/../../../../arm-none-eabi/lib/thumb/v7e-m+fp/hard\libc_nano.a(libc_a-init.o)
                0x08000a00                __libc_init_array
 *(.glue_7)
 .glue_7        0x08000a48        0x0 linker stubs
 *(.glue_7t)
 .glue_7t       0x08000a48        0x0 linker stubs
 *(.eh_frame)
 .eh_frame      0x08000a48        0x0 C:/ST/STM32CubeIDE_2.2.0/STM32CubeIDE/plugins/com.st.stm32cube.ide.mcu.externaltools.gnu-tools-for-stm32.14.3.rel1.win32_1.0.100.202602081740/tools/bin/../lib/gcc/arm-none-eabi/14.3.1/thumb/v7e-m+fp/hard/crtbegin.o
 *(.init)
 .init          0x08000a48        0x4 C:/ST/STM32CubeIDE_2.2.0/STM32CubeIDE/plugins/com.st.stm32cube.ide.mcu.externaltools.gnu-tools-for-stm32.14.3.rel1.win32_1.0.100.202602081740/tools/bin/../lib/gcc/arm-none-eabi/14.3.1/thumb/v7e-m+fp/hard/crti.o
                0x08000a48                _init
 .init          0x08000a4c        0x8 C:/ST/STM32CubeIDE_2.2.0/STM32CubeIDE/plugins/com.st.stm32cube.ide.mcu.externaltools.gnu-tools-for-stm32.14.3.rel1.win32_1.0.100.202602081740/tools/bin/../lib/gcc/arm-none-eabi/14.3.1/thumb/v7e-m+fp/hard/crtn.o
 *(.fini)
 .fini          0x08000a54        0x4 C:/ST/STM32CubeIDE_2.2.0/STM32CubeIDE/plugins/com.st.stm32cube.ide.mcu.externaltools.gnu-tools-for-stm32.14.3.rel1.win32_1.0.100.202602081740/tools/bin/../lib/gcc/arm-none-eabi/14.3.1/thumb/v7e-m+fp/hard/crti.o
                0x08000a54                _fini
 .fini          0x08000a58        0x8 C:/ST/STM32CubeIDE_2.2.0/STM32CubeIDE/plugins/com.st.stm32cube.ide.mcu.externaltools.gnu-tools-for-stm32.14.3.rel1.win32_1.0.100.202602081740/tools/bin/../lib/gcc/arm-none-eabi/14.3.1/thumb/v7e-m+fp/hard/crtn.o
                0x08000a60                        . = ALIGN (0x4)
                0x08000a60                        _etext = .

.vfp11_veneer   0x08000a60        0x0
 .vfp11_veneer  0x08000a60        0x0 linker stubs

.v4_bx          0x08000a60        0x0
 .v4_bx         0x08000a60        0x0 linker stubs

.iplt           0x08000a60        0x0
 .iplt          0x08000a60        0x0 C:/ST/STM32CubeIDE_2.2.0/STM32CubeIDE/plugins/com.st.stm32cube.ide.mcu.externaltools.gnu-tools-for-stm32.14.3.rel1.win32_1.0.100.202602081740/tools/bin/../lib/gcc/arm-none-eabi/14.3.1/thumb/v7e-m+fp/hard/crtbegin.o

.rodata         0x08000a60       0xb8
                0x08000a60                        . = ALIGN (0x4)
 *(.rodata)
 .rodata        0x08000a60       0x10 ./Src/main.o
 *(.rodata*)
 .rodata.figura
                0x08000a70       0xa8 ./Src/main.o
                0x08000b18                        . = ALIGN (0x4)

.ARM.extab      0x08000b18        0x0
                0x08000b18                        . = ALIGN (0x4)
 *(.ARM.extab* .gnu.linkonce.armextab.*)
                0x08000b18                        . = ALIGN (0x4)

.ARM            0x08000b18        0x0
                0x08000b18                        . = ALIGN (0x4)
                0x08000b18                        __exidx_start = .
 *(.ARM.exidx*)
                0x08000b18                        __exidx_end = .
                0x08000b18                        . = ALIGN (0x4)

.preinit_array  0x08000b18        0x0
                0x08000b18                        . = ALIGN (0x4)
                0x08000b18                        PROVIDE (__preinit_array_start = .)
 *(.preinit_array*)
                0x08000b18                        PROVIDE (__preinit_array_end = .)
                0x08000b18                        . = ALIGN (0x4)

.init_array     0x08000b18        0x4
                0x08000b18                        . = ALIGN (0x4)
                0x08000b18                        PROVIDE (__init_array_start = .)
 *(SORT_BY_NAME(.init_array.*))
 *(.init_array*)
 .init_array    0x08000b18        0x4 C:/ST/STM32CubeIDE_2.2.0/STM32CubeIDE/plugins/com.st.stm32cube.ide.mcu.externaltools.gnu-tools-for-stm32.14.3.rel1.win32_1.0.100.202602081740/tools/bin/../lib/gcc/arm-none-eabi/14.3.1/thumb/v7e-m+fp/hard/crtbegin.o
                0x08000b1c                        PROVIDE (__init_array_end = .)
                0x08000b1c                        . = ALIGN (0x4)

.fini_array     0x08000b1c        0x4
                0x08000b1c                        . = ALIGN (0x4)
                [!provide]                        PROVIDE (__fini_array_start = .)
 *(SORT_BY_NAME(.fini_array.*))
 *(.fini_array*)
 .fini_array    0x08000b1c        0x4 C:/ST/STM32CubeIDE_2.2.0/STM32CubeIDE/plugins/com.st.stm32cube.ide.mcu.externaltools.gnu-tools-for-stm32.14.3.rel1.win32_1.0.100.202602081740/tools/bin/../lib/gcc/arm-none-eabi/14.3.1/thumb/v7e-m+fp/hard/crtbegin.o
                [!provide]                        PROVIDE (__fini_array_end = .)
                0x08000b20                        . = ALIGN (0x4)
                0x08000b20                        _sidata = LOADADDR (.data)

.rel.dyn        0x08000b20        0x0
 .rel.iplt      0x08000b20        0x0 C:/ST/STM32CubeIDE_2.2.0/STM32CubeIDE/plugins/com.st.stm32cube.ide.mcu.externaltools.gnu-tools-for-stm32.14.3.rel1.win32_1.0.100.202602081740/tools/bin/../lib/gcc/arm-none-eabi/14.3.1/thumb/v7e-m+fp/hard/crtbegin.o

.data           0x20000000        0xc load address 0x08000b20
                0x20000000                        . = ALIGN (0x4)
                0x20000000                        _sdata = .
 *(.data)
 *(.data*)
 .data.b        0x20000000        0x4 ./Src/main.o
                0x20000000                b
 .data.contra   0x20000004        0x4 ./Src/main.o
                0x20000004                contra
 .data.f        0x20000008        0x4 ./Src/main.o
                0x20000008                f
 *(.RamFunc)
 *(.RamFunc*)
                0x2000000c                        . = ALIGN (0x4)
                0x2000000c                        _edata = .
                0x08000b2c                        _siccmram = LOADADDR (.ccmram)

.igot.plt       0x2000000c        0x0 load address 0x08000b2c
 .igot.plt      0x2000000c        0x0 C:/ST/STM32CubeIDE_2.2.0/STM32CubeIDE/plugins/com.st.stm32cube.ide.mcu.externaltools.gnu-tools-for-stm32.14.3.rel1.win32_1.0.100.202602081740/tools/bin/../lib/gcc/arm-none-eabi/14.3.1/thumb/v7e-m+fp/hard/crtbegin.o

.ccmram         0x10000000        0x0 load address 0x08000b2c
                0x10000000                        . = ALIGN (0x4)
                0x10000000                        _sccmram = .
 *(.ccmram)
 *(.ccmram*)
                0x10000000                        . = ALIGN (0x4)
                0x10000000                        _eccmram = .
                0x10000000                        . = ALIGN (0x4)

.bss            0x2000000c       0x40
                0x2000000c                        _sbss = .
                0x2000000c                        __bss_start__ = _sbss
 *(.bss)
 .bss           0x2000000c       0x1c C:/ST/STM32CubeIDE_2.2.0/STM32CubeIDE/plugins/com.st.stm32cube.ide.mcu.externaltools.gnu-tools-for-stm32.14.3.rel1.win32_1.0.100.202602081740/tools/bin/../lib/gcc/arm-none-eabi/14.3.1/thumb/v7e-m+fp/hard/crtbegin.o
 *(.bss*)
 .bss.ms_ticks  0x20000028        0x4 ./Src/main.o
                0x20000028                ms_ticks
 .bss.h         0x2000002c        0x4 ./Src/main.o
                0x2000002c                h
 .bss.col       0x20000030        0x4 ./Src/main.o
                0x20000030                col
 .bss.count     0x20000034        0x4 ./Src/main.o
                0x20000034                count
 .bss.v         0x20000038        0x4 ./Src/main.o
                0x20000038                v
 .bss.current_state
                0x2000003c        0x1 ./Src/main.o
                0x2000003c                current_state
 *fill*         0x2000003d        0x3 
 .bss.debounce_timer
                0x20000040        0x4 ./Src/main.o
                0x20000040                debounce_timer
 .bss.tem       0x20000044        0x4 ./Src/main.o
                0x20000044                tem
 .bss.estado    0x20000048        0x1 ./Src/main.o
                0x20000048                estado
 .bss.last_valid_key
                0x20000049        0x1 ./Src/main.o
                0x20000049                last_valid_key
 *(COMMON)
                0x2000004c                        . = ALIGN (0x4)
 *fill*         0x2000004a        0x2 
                0x2000004c                        _ebss = .
                0x2000004c                        __bss_end__ = _ebss

._user_heap_stack
                0x2000004c      0x604
                0x20000050                        . = ALIGN (0x8)
 *fill*         0x2000004c        0x4 
                [!provide]                        PROVIDE (end = .)
                0x20000050                        PROVIDE (_end = .)
                0x20000250                        . = (. + _Min_Heap_Size)
 *fill*         0x20000050      0x200 
                0x20000650                        . = (. + _Min_Stack_Size)
 *fill*         0x20000250      0x400 
                0x20000650                        . = ALIGN (0x8)

/DISCARD/
 libc.a(*)
 libm.a(*)
 libgcc.a(*)

.ARM.attributes
                0x00000000       0x30
 *(.ARM.attributes)
 .ARM.attributes
                0x00000000       0x22 C:/ST/STM32CubeIDE_2.2.0/STM32CubeIDE/plugins/com.st.stm32cube.ide.mcu.externaltools.gnu-tools-for-stm32.14.3.rel1.win32_1.0.100.202602081740/tools/bin/../lib/gcc/arm-none-eabi/14.3.1/thumb/v7e-m+fp/hard/crti.o
 .ARM.attributes
                0x00000022       0x34 C:/ST/STM32CubeIDE_2.2.0/STM32CubeIDE/plugins/com.st.stm32cube.ide.mcu.externaltools.gnu-tools-for-stm32.14.3.rel1.win32_1.0.100.202602081740/tools/bin/../lib/gcc/arm-none-eabi/14.3.1/thumb/v7e-m+fp/hard/crtbegin.o
 .ARM.attributes
                0x00000056       0x34 ./Src/main.o
 .ARM.attributes
                0x0000008a       0x21 ./Startup/startup_stm32f407vetx.o
 .ARM.attributes
                0x000000ab       0x34 C:/ST/STM32CubeIDE_2.2.0/STM32CubeIDE/plugins/com.st.stm32cube.ide.mcu.externaltools.gnu-tools-for-stm32.14.3.rel1.win32_1.0.100.202602081740/tools/bin/../lib/gcc/arm-none-eabi/14.3.1/../../../../arm-none-eabi/lib/thumb/v7e-m+fp/hard\libc_nano.a(libc_a-init.o)
 .ARM.attributes
                0x000000df       0x22 C:/ST/STM32CubeIDE_2.2.0/STM32CubeIDE/plugins/com.st.stm32cube.ide.mcu.externaltools.gnu-tools-for-stm32.14.3.rel1.win32_1.0.100.202602081740/tools/bin/../lib/gcc/arm-none-eabi/14.3.1/thumb/v7e-m+fp/hard/crtn.o
OUTPUT(projecto2 modificado.elf elf32-littlearm)
LOAD linker stubs
LOAD C:/ST/STM32CubeIDE_2.2.0/STM32CubeIDE/plugins/com.st.stm32cube.ide.mcu.externaltools.gnu-tools-for-stm32.14.3.rel1.win32_1.0.100.202602081740/tools/bin/../lib/gcc/arm-none-eabi/14.3.1/../../../../arm-none-eabi/lib/thumb/v7e-m+fp/hard\libc.a
LOAD C:/ST/STM32CubeIDE_2.2.0/STM32CubeIDE/plugins/com.st.stm32cube.ide.mcu.externaltools.gnu-tools-for-stm32.14.3.rel1.win32_1.0.100.202602081740/tools/bin/../lib/gcc/arm-none-eabi/14.3.1/../../../../arm-none-eabi/lib/thumb/v7e-m+fp/hard\libm.a
LOAD C:/ST/STM32CubeIDE_2.2.0/STM32CubeIDE/plugins/com.st.stm32cube.ide.mcu.externaltools.gnu-tools-for-stm32.14.3.rel1.win32_1.0.100.202602081740/tools/bin/../lib/gcc/arm-none-eabi/14.3.1/thumb/v7e-m+fp/hard\libgcc.a

.debug_info     0x00000000      0x6b0
 .debug_info    0x00000000      0x680 ./Src/main.o
 .debug_info    0x00000680       0x30 ./Startup/startup_stm32f407vetx.o

.debug_abbrev   0x00000000      0x223
 .debug_abbrev  0x00000000      0x1ff ./Src/main.o
 .debug_abbrev  0x000001ff       0x24 ./Startup/startup_stm32f407vetx.o

.debug_aranges  0x00000000       0x80
 .debug_aranges
                0x00000000       0x58 ./Src/main.o
 .debug_aranges
                0x00000058       0x28 ./Startup/startup_stm32f407vetx.o

.debug_rnglists
                0x00000000       0x5a
 .debug_rnglists
                0x00000000       0x41 ./Src/main.o
 .debug_rnglists
                0x00000041       0x19 ./Startup/startup_stm32f407vetx.o

.debug_macro    0x00000000    0x181db
 .debug_macro   0x00000000       0xe6 ./Src/main.o
 .debug_macro   0x000000e6      0xae4 ./Src/main.o
 .debug_macro   0x00000bca       0x22 ./Src/main.o
 .debug_macro   0x00000bec       0x8e ./Src/main.o
 .debug_macro   0x00000c7a       0x51 ./Src/main.o
 .debug_macro   0x00000ccb      0x103 ./Src/main.o
 .debug_macro   0x00000dce       0x6a ./Src/main.o
 .debug_macro   0x00000e38      0x1df ./Src/main.o
 .debug_macro   0x00001017       0x28 ./Src/main.o
 .debug_macro   0x0000103f       0x2f ./Src/main.o
 .debug_macro   0x0000106e       0x1c ./Src/main.o
 .debug_macro   0x0000108a       0x22 ./Src/main.o
 .debug_macro   0x000010ac       0xfb ./Src/main.o
 .debug_macro   0x000011a7     0x1011 ./Src/main.o
 .debug_macro   0x000021b8      0x11f ./Src/main.o
 .debug_macro   0x000022d7    0x15e97 ./Src/main.o
 .debug_macro   0x0001816e       0x6d ./Src/main.o

.debug_line     0x00000000      0xa9a
 .debug_line    0x00000000      0xa1f ./Src/main.o
 .debug_line    0x00000a1f       0x7b ./Startup/startup_stm32f407vetx.o

.debug_str      0x00000000    0x885fe
 .debug_str     0x00000000    0x885fe ./Src/main.o
                              0x88739 (size before relaxing)
 .debug_str     0x000885fe       0x83 ./Startup/startup_stm32f407vetx.o

.comment        0x00000000       0x43
 .comment       0x00000000       0x43 ./Src/main.o
                                 0x44 (size before relaxing)

.debug_frame    0x00000000      0x14c
 .debug_frame   0x00000000      0x120 ./Src/main.o
 .debug_frame   0x00000120       0x2c C:/ST/STM32CubeIDE_2.2.0/STM32CubeIDE/plugins/com.st.stm32cube.ide.mcu.externaltools.gnu-tools-for-stm32.14.3.rel1.win32_1.0.100.202602081740/tools/bin/../lib/gcc/arm-none-eabi/14.3.1/../../../../arm-none-eabi/lib/thumb/v7e-m+fp/hard\libc_nano.a(libc_a-init.o)

.debug_line_str
                0x00000000       0x67
 .debug_line_str
                0x00000000       0x67 ./Startup/startup_stm32f407vetx.o
